שלום מנחשון!